// Jest Snapshot v1, https://goo.gl/fbAQLP

exports[`<Todo /> rendering Todo item renders correctly 1`] = `ShallowWrapper {}`;
